[2026-08-25 16:49:19] local.ERROR: Class "App\Http\Controllers\Api\Admin\StatsController" does not exist {"exception":"[object] (ReflectionException(code: -1): Class \"App\\Http\\Controllers\\Api\\Admin\\StatsController\" does not exist at /Users/abanoubtalaat/projects/GroceryFolder/grocery/vendor/laravel/framework/src/Illuminate/Foundation/Console/RouteListCommand.php:255)
[stacktrace]
#0 /Users/abanoubtalaat/projects/GroceryFolder/grocery/vendor/laravel/framework/src/Illuminate/Foundation/Console/RouteListCommand.php(255): ReflectionClass->__construct('App\\\\Http\\\\Contro...')
#1 /Users/abanoubtalaat/projects/GroceryFolder/grocery/vendor/laravel/framework/src/Illuminate/Foundation/Console/RouteListCommand.php(150): Illuminate\\Foundation\\Console\\RouteListCommand->isVendorRoute(Object(Illuminate\\Routing\\Route))
#2 /Users/abanoubtalaat/projects/GroceryFolder/grocery/vendor/laravel/framework/src/Illuminate/Foundation/Console/RouteListCommand.php(117): Illuminate\\Foundation\\Console\\RouteListCommand->getRouteInformation(Object(Illuminate\\Routing\\Route))
#3 [internal function]: Illuminate\\Foundation\\Console\\RouteListCommand->Illuminate\\Foundation\\Console\\{closure}(Object(Illuminate\\Routing\\Route), 174)
#4 /Users/abanoubtalaat/projects/GroceryFolder/grocery/vendor/laravel/framework/src/Illuminate/Collections/Arr.php(841): array_map(Object(Closure), Array, Array)
#5 /Users/abanoubtalaat/projects/GroceryFolder/grocery/vendor/laravel/framework/src/Illuminate/Collections/Collection.php(829): Illuminate\\Support\\Arr::map(Array, Object(Closure))
#6 /Users/abanoubtalaat/projects/GroceryFolder/grocery/vendor/laravel/framework/src/Illuminate/Foundation/Console/RouteListCommand.php(117): Illuminate\\Support\\Collection->map(Object(Closure))
#7 /Users/abanoubtalaat/projects/GroceryFolder/grocery/vendor/laravel/framework/src/Illuminate/Foundation/Console/RouteListCommand.php(102): Illuminate\\Foundation\\Console\\RouteListCommand->getRoutes()
#8 /Users/abanoubtalaat/projects/GroceryFolder/grocery/vendor/laravel/framework/src/Illuminate/Container/BoundMethod.php(36): Illuminate\\Foundation\\Console\\RouteListCommand->handle()
#9 /Users/abanoubtalaat/projects/GroceryFolder/grocery/vendor/laravel/framework/src/Illuminate/Container/Util.php(43): Illuminate\\Container\\BoundMethod::Illuminate\\Container\\{closure}()
#10 /Users/abanoubtalaat/projects/GroceryFolder/grocery/vendor/laravel/framework/src/Illuminate/Container/BoundMethod.php(96): Illuminate\\Container\\Util::unwrapIfClosure(Object(Closure))
#11 /Users/abanoubtalaat/projects/GroceryFolder/grocery/vendor/laravel/framework/src/Illuminate/Container/BoundMethod.php(35): Illuminate\\Container\\BoundMethod::callBoundMethod(Object(Illuminate\\Foundation\\Application), Array, Object(Closure))
#12 /Users/abanoubtalaat/projects/GroceryFolder/grocery/vendor/laravel/framework/src/Illuminate/Container/Container.php(799): Illuminate\\Container\\BoundMethod::call(Object(Illuminate\\Foundation\\Application), Array, Array, NULL)
#13 /Users/abanoubtalaat/projects/GroceryFolder/grocery/vendor/laravel/framework/src/Illuminate/Console/Command.php(211): Illuminate\\Container\\Container->call(Array)
#14 /Users/abanoubtalaat/projects/GroceryFolder/grocery/vendor/symfony/console/Command/Command.php(341): Illuminate\\Console\\Command->execute(Object(Symfony\\Component\\Console\\Input\\ArgvInput), Object(Illuminate\\Console\\OutputStyle))
#15 /Users/abanoubtalaat/projects/GroceryFolder/grocery/vendor/laravel/framework/src/Illuminate/Console/Command.php(180): Symfony\\Component\\Console\\Command\\Command->run(Object(Symfony\\Component\\Console\\Input\\ArgvInput), Object(Illuminate\\Console\\OutputStyle))
#16 /Users/abanoubtalaat/projects/GroceryFolder/grocery/vendor/symfony/console/Application.php(1117): Illuminate\\Console\\Command->run(Object(Symfony\\Component\\Console\\Input\\ArgvInput), Object(Symfony\\Component\\Console\\Output\\ConsoleOutput))
#17 /Users/abanoubtalaat/projects/GroceryFolder/grocery/vendor/symfony/console/Application.php(356): Symfony\\Component\\Console\\Application->doRunCommand(Object(Illuminate\\Foundation\\Console\\RouteListCommand), Object(Symfony\\Component\\Console\\Input\\ArgvInput), Object(Symfony\\Component\\Console\\Output\\ConsoleOutput))
#18 /Users/abanoubtalaat/projects/GroceryFolder/grocery/vendor/symfony/console/Application.php(195): Symfony\\Component\\Console\\Application->doRun(Object(Symfony\\Component\\Console\\Input\\ArgvInput), Object(Symfony\\Component\\Console\\Output\\ConsoleOutput))
#19 /Users/abanoubtalaat/projects/GroceryFolder/grocery/vendor/laravel/framework/src/Illuminate/Foundation/Console/Kernel.php(198): Symfony\\Component\\Console\\Application->run(Object(Symfony\\Component\\Console\\Input\\ArgvInput), Object(Symfony\\Component\\Console\\Output\\ConsoleOutput))
#20 /Users/abanoubtalaat/projects/front-backend-grocery/backend/artisan(35): Illuminate\\Foundation\\Console\\Kernel->handle(Object(Symfony\\Component\\Console\\Input\\ArgvInput), Object(Symfony\\Component\\Console\\Output\\ConsoleOutput))
#21 {main}
"} 
[2026-08-25 17:06:23] local.ERROR: SQLSTATE[42S02]: Base table or view not found: 1146 Table 'grocery.cache' doesn't exist (Connection: mysql, Host: 127.0.0.1, Port: 3306, Database: grocery, SQL: select * from `cache` where `key` in (grocerylocalcheck_cache_a75f3f172bfb296f2e10cbfc6dfc1883)) {"exception":"[object] (Illuminate\\Database\\QueryException(code: 42S02): SQLSTATE[42S02]: Base table or view not found: 1146 Table 'grocery.cache' doesn't exist (Connection: mysql, Host: 127.0.0.1, Port: 3306, Database: grocery, SQL: select * from `cache` where `key` in (grocerylocalcheck_cache_a75f3f172bfb296f2e10cbfc6dfc1883)) at /Users/abanoubtalaat/projects/front-backend-grocery/backend/vendor/laravel/framework/src/Illuminate/Database/Connection.php:838)
[stacktrace]
#0 /Users/abanoubtalaat/projects/front-backend-grocery/backend/vendor/laravel/framework/src/Illuminate/Database/Connection.php(794): Illuminate\\Database\\Connection->runQueryCallback('select * from `...', Array, Object(Closure))
#1 /Users/abanoubtalaat/projects/front-backend-grocery/backend/vendor/laravel/framework/src/Illuminate/Database/Connection.php(411): Illuminate\\Database\\Connection->run('select * from `...', Array, Object(Closure))
#2 /Users/abanoubtalaat/projects/front-backend-grocery/backend/vendor/laravel/framework/src/Illuminate/Database/Query/Builder.php(3505): Illuminate\\Database\\Connection->select('select * from `...', Array, true)
#3 /Users/abanoubtalaat/projects/front-backend-grocery/backend/vendor/laravel/framework/src/Illuminate/Database/Query/Builder.php(3490): Illuminate\\Database\\Query\\Builder->runSelect()
#4 /Users/abanoubtalaat/projects/front-backend-grocery/backend/vendor/laravel/framework/src/Illuminate/Database/Query/Builder.php(4080): Illuminate\\Database\\Query\\Builder->Illuminate\\Database\\Query\\{closure}()
#5 /Users/abanoubtalaat/projects/front-backend-grocery/backend/vendor/laravel/framework/src/Illuminate/Database/Query/Builder.php(3489): Illuminate\\Database\\Query\\Builder->onceWithColumns(Array, Object(Closure))
#6 /Users/abanoubtalaat/projects/front-backend-grocery/backend/vendor/laravel/framework/src/Illuminate/Cache/DatabaseStore.php(140): Illuminate\\Database\\Query\\Builder->get()
#7 /Users/abanoubtalaat/projects/front-backend-grocery/backend/vendor/laravel/framework/src/Illuminate/Cache/DatabaseStore.php(115): Illuminate\\Cache\\DatabaseStore->many(Array)
#8 /Users/abanoubtalaat/projects/front-backend-grocery/backend/vendor/laravel/framework/src/Illuminate/Cache/Repository.php(125): Illuminate\\Cache\\DatabaseStore->get('a75f3f172bfb296...')
#9 /Users/abanoubtalaat/projects/front-backend-grocery/backend/vendor/laravel/framework/src/Illuminate/Cache/RateLimiter.php(206): Illuminate\\Cache\\Repository->get('a75f3f172bfb296...', 0)
#10 /Users/abanoubtalaat/projects/front-backend-grocery/backend/vendor/laravel/framework/src/Illuminate/Cache/RateLimiter.php(300): Illuminate\\Cache\\RateLimiter->Illuminate\\Cache\\{closure}()
#11 /Users/abanoubtalaat/projects/front-backend-grocery/backend/vendor/laravel/framework/src/Illuminate/Cache/RateLimiter.php(206): Illuminate\\Cache\\RateLimiter->withoutSerializationOrCompression(Object(Closure))
#12 /Users/abanoubtalaat/projects/front-backend-grocery/backend/vendor/laravel/framework/src/Illuminate/Cache/RateLimiter.php(129): Illuminate\\Cache\\RateLimiter->attempts('a75f3f172bfb296...')
#13 /Users/abanoubtalaat/projects/front-backend-grocery/backend/vendor/laravel/framework/src/Illuminate/Routing/Middleware/ThrottleRequests.php(157): Illuminate\\Cache\\RateLimiter->tooManyAttempts('a75f3f172bfb296...', 60)
#14 /Users/abanoubtalaat/projects/front-backend-grocery/backend/vendor/laravel/framework/src/Illuminate/Routing/Middleware/ThrottleRequests.php(129): Illuminate\\Routing\\Middleware\\ThrottleRequests->handleRequest(Object(Illuminate\\Http\\Request), Object(Closure), Array)
#15 /Users/abanoubtalaat/projects/front-backend-grocery/backend/vendor/laravel/framework/src/Illuminate/Routing/Middleware/ThrottleRequests.php(90): Illuminate\\Routing\\Middleware\\ThrottleRequests->handleRequestUsingNamedLimiter(Object(Illuminate\\Http\\Request), Object(Closure), 'api', Object(Closure))
#16 /Users/abanoubtalaat/projects/front-backend-grocery/backend/vendor/laravel/framework/src/Illuminate/Pipeline/Pipeline.php(219): Illuminate\\Routing\\Middleware\\ThrottleRequests->handle(Object(Illuminate\\Http\\Request), Object(Closure), 'api')
#17 /Users/abanoubtalaat/projects/front-backend-grocery/backend/vendor/laravel/sanctum/src/Http/Middleware/EnsureFrontendRequestsAreStateful.php(26): Illuminate\\Pipeline\\Pipeline->Illuminate\\Pipeline\\{closure}(Object(Illuminate\\Http\\Request))
#18 /Users/abanoubtalaat/projects/front-backend-grocery/backend/vendor/laravel/framework/src/Illuminate/Pipeline/Pipeline.php(180): Laravel\\Sanctum\\Http\\Middleware\\EnsureFrontendRequestsAreStateful->Laravel\\Sanctum\\Http\\Middleware\\{closure}(Object(Illuminate\\Http\\Request))
#19 /Users/abanoubtalaat/projects/front-backend-grocery/backend/vendor/laravel/framework/src/Illuminate/Pipeline/Pipeline.php(137): Illuminate\\Pipeline\\Pipeline->Illuminate\\Pipeline\\{closure}(Object(Illuminate\\Http\\Request))
#20 /Users/abanoubtalaat/projects/front-backend-grocery/backend/vendor/laravel/sanctum/src/Http/Middleware/EnsureFrontendRequestsAreStateful.php(25): Illuminate\\Pipeline\\Pipeline->then(Object(Closure))
#21 /Users/abanoubtalaat/projects/front-backend-grocery/backend/vendor/laravel/framework/src/Illuminate/Pipeline/Pipeline.php(219): Laravel\\Sanctum\\Http\\Middleware\\EnsureFrontendRequestsAreStateful->handle(Object(Illuminate\\Http\\Request), Object(Closure))
#22 /Users/abanoubtalaat/projects/front-backend-grocery/backend/vendor/laravel/framework/src/Illuminate/Pipeline/Pipeline.php(137): Illuminate\\Pipeline\\Pipeline->Illuminate\\Pipeline\\{closure}(Object(Illuminate\\Http\\Request))
#23 /Users/abanoubtalaat/projects/front-backend-grocery/backend/vendor/laravel/framework/src/Illuminate/Routing/Router.php(821): Illuminate\\Pipeline\\Pipeline->then(Object(Closure))
#24 /Users/abanoubtalaat/projects/front-backend-grocery/backend/vendor/laravel/framework/src/Illuminate/Routing/Router.php(800): Illuminate\\Routing\\Router->runRouteWithinStack(Object(Illuminate\\Routing\\Route), Object(Illuminate\\Http\\Request))
#25 /Users/abanoubtalaat/projects/front-backend-grocery/backend/vendor/laravel/framework/src/Illuminate/Routing/Router.php(764): Illuminate\\Routing\\Router->runRoute(Object(Illuminate\\Http\\Request), Object(Illuminate\\Routing\\Route))
#26 /Users/abanoubtalaat/projects/front-backend-grocery/backend/vendor/laravel/framework/src/Illuminate/Routing/Router.php(753): Illuminate\\Routing\\Router->dispatchToRoute(Object(Illuminate\\Http\\Request))
#27 /Users/abanoubtalaat/projects/front-backend-grocery/backend/vendor/laravel/framework/src/Illuminate/Foundation/Http/Kernel.php(200): Illuminate\\Routing\\Router->dispatch(Object(Illuminate\\Http\\Request))
#28 /Users/abanoubtalaat/projects/front-backend-grocery/backend/vendor/laravel/framework/src/Illuminate/Pipeline/Pipeline.php(180): Illuminate\\Foundation\\Http\\Kernel->Illuminate\\Foundation\\Http\\{closure}(Object(Illuminate\\Http\\Request))
#29 /Users/abanoubtalaat/projects/front-backend-grocery/backend/vendor/livewire/livewire/src/Features/SupportDisablingBackButtonCache/DisableBackButtonCacheMiddleware.php(19): Illuminate\\Pipeline\\Pipeline->Illuminate\\Pipeline\\{closure}(Object(Illuminate\\Http\\Request))
#30 /Users/abanoubtalaat/projects/front-backend-grocery/backend/vendor/laravel/framework/src/Illuminate/Pipeline/Pipeline.php(219): Livewire\\Features\\SupportDisablingBackButtonCache\\DisableBackButtonCacheMiddleware->handle(Object(Illuminate\\Http\\Request), Object(Closure))
#31 /Users/abanoubtalaat/projects/front-backend-grocery/backend/vendor/laravel/framework/src/Illuminate/Foundation/Http/Middleware/TransformsRequest.php(21): Illuminate\\Pipeline\\Pipeline->Illuminate\\Pipeline\\{closure}(Object(Illuminate\\Http\\Request))
#32 /Users/abanoubtalaat/projects/front-backend-grocery/backend/vendor/laravel/framework/src/Illuminate/Foundation/Http/Middleware/ConvertEmptyStringsToNull.php(31): Illuminate\\Foundation\\Http\\Middleware\\TransformsRequest->handle(Object(Illuminate\\Http\\Request), Object(Closure))
#33 /Users/abanoubtalaat/projects/front-backend-grocery/backend/vendor/laravel/framework/src/Illuminate/Pipeline/Pipeline.php(219): Illuminate\\Foundation\\Http\\Middleware\\ConvertEmptyStringsToNull->handle(Object(Illuminate\\Http\\Request), Object(Closure))
#34 /Users/abanoubtalaat/projects/front-backend-grocery/backend/vendor/laravel/framework/src/Illuminate/Foundation/Http/Middleware/TransformsRequest.php(21): Illuminate\\Pipeline\\Pipeline->Illuminate\\Pipeline\\{closure}(Object(Illuminate\\Http\\Request))
#35 /Users/abanoubtalaat/projects/front-backend-grocery/backend/vendor/laravel/framework/src/Illuminate/Foundation/Http/Middleware/TrimStrings.php(51): Illuminate\\Foundation\\Http\\Middleware\\TransformsRequest->handle(Object(Illuminate\\Http\\Request), Object(Closure))
#36 /Users/abanoubtalaat/projects/front-backend-grocery/backend/vendor/laravel/framework/src/Illuminate/Pipeline/Pipeline.php(219): Illuminate\\Foundation\\Http\\Middleware\\TrimStrings->handle(Object(Illuminate\\Http\\Request), Object(Closure))
#37 /Users/abanoubtalaat/projects/front-backend-grocery/backend/vendor/laravel/framework/src/Illuminate/Http/Middleware/ValidatePostSize.php(27): Illuminate\\Pipeline\\Pipeline->Illuminate\\Pipeline\\{closure}(Object(Illuminate\\Http\\Request))
#38 /Users/abanoubtalaat/projects/front-backend-grocery/backend/vendor/laravel/framework/src/Illuminate/Pipeline/Pipeline.php(219): Illuminate\\Http\\Middleware\\ValidatePostSize->handle(Object(Illuminate\\Http\\Request), Object(Closure))
#39 /Users/abanoubtalaat/projects/front-backend-grocery/backend/vendor/laravel/framework/src/Illuminate/Foundation/Http/Middleware/PreventRequestsDuringMaintenance.php(109): Illuminate\\Pipeline\\Pipeline->Illuminate\\Pipeline\\{closure}(Object(Illuminate\\Http\\Request))
#40 /Users/abanoubtalaat/projects/front-backend-grocery/backend/vendor/laravel/framework/src/Illuminate/Pipeline/Pipeline.php(219): Illuminate\\Foundation\\Http\\Middleware\\PreventRequestsDuringMaintenance->handle(Object(Illuminate\\Http\\Request), Object(Closure))
#41 /Users/abanoubtalaat/projects/front-backend-grocery/backend/vendor/laravel/framework/src/Illuminate/Http/Middleware/HandleCors.php(74): Illuminate\\Pipeline\\Pipeline->Illuminate\\Pipeline\\{closure}(Object(Illuminate\\Http\\Request))
#42 /Users/abanoubtalaat/projects/front-backend-grocery/backend/vendor/laravel/framework/src/Illuminate/Pipeline/Pipeline.php(219): Illuminate\\Http\\Middleware\\HandleCors->handle(Object(Illuminate\\Http\\Request), Object(Closure))
#43 /Users/abanoubtalaat/projects/front-backend-grocery/backend/vendor/laravel/framework/src/Illuminate/Http/Middleware/TrustProxies.php(58): Illuminate\\Pipeline\\Pipeline->Illuminate\\Pipeline\\{closure}(Object(Illuminate\\Http\\Request))
#44 /Users/abanoubtalaat/projects/front-backend-grocery/backend/vendor/laravel/framework/src/Illuminate/Pipeline/Pipeline.php(219): Illuminate\\Http\\Middleware\\TrustProxies->handle(Object(Illuminate\\Http\\Request), Object(Closure))
#45 /Users/abanoubtalaat/projects/front-backend-grocery/backend/vendor/laravel/framework/src/Illuminate/Pipeline/Pipeline.php(137): Illuminate\\Pipeline\\Pipeline->Illuminate\\Pipeline\\{closure}(Object(Illuminate\\Http\\Request))
#46 /Users/abanoubtalaat/projects/front-backend-grocery/backend/vendor/laravel/framework/src/Illuminate/Foundation/Http/Kernel.php(175): Illuminate\\Pipeline\\Pipeline->then(Object(Closure))
#47 /Users/abanoubtalaat/projects/front-backend-grocery/backend/vendor/laravel/framework/src/Illuminate/Foundation/Http/Kernel.php(144): Illuminate\\Foundation\\Http\\Kernel->sendRequestThroughRouter(Object(Illuminate\\Http\\Request))
#48 /Users/abanoubtalaat/projects/front-backend-grocery/backend/public/index.php(51): Illuminate\\Foundation\\Http\\Kernel->handle(Object(Illuminate\\Http\\Request))
#49 /Users/abanoubtalaat/projects/front-backend-grocery/backend/vendor/laravel/framework/src/Illuminate/Foundation/resources/server.php(23): require_once('/Users/abanoubt...')
#50 {main}

[previous exception] [object] (PDOException(code: 42S02): SQLSTATE[42S02]: Base table or view not found: 1146 Table 'grocery.cache' doesn't exist at /Users/abanoubtalaat/projects/front-backend-grocery/backend/vendor/laravel/framework/src/Illuminate/Database/Connection.php:420)
[stacktrace]
#0 /Users/abanoubtalaat/projects/front-backend-grocery/backend/vendor/laravel/framework/src/Illuminate/Database/Connection.php(420): PDO->prepare('select * from `...')
#1 /Users/abanoubtalaat/projects/front-backend-grocery/backend/vendor/laravel/framework/src/Illuminate/Database/Connection.php(827): Illuminate\\Database\\Connection->Illuminate\\Database\\{closure}('select * from `...', Array)
#2 /Users/abanoubtalaat/projects/front-backend-grocery/backend/vendor/laravel/framework/src/Illuminate/Database/Connection.php(794): Illuminate\\Database\\Connection->runQueryCallback('select * from `...', Array, Object(Closure))
#3 /Users/abanoubtalaat/projects/front-backend-grocery/backend/vendor/laravel/framework/src/Illuminate/Database/Connection.php(411): Illuminate\\Database\\Connection->run('select * from `...', Array, Object(Closure))
#4 /Users/abanoubtalaat/projects/front-backend-grocery/backend/vendor/laravel/framework/src/Illuminate/Database/Query/Builder.php(3505): Illuminate\\Database\\Connection->select('select * from `...', Array, true)
#5 /Users/abanoubtalaat/projects/front-backend-grocery/backend/vendor/laravel/framework/src/Illuminate/Database/Query/Builder.php(3490): Illuminate\\Database\\Query\\Builder->runSelect()
#6 /Users/abanoubtalaat/projects/front-backend-grocery/backend/vendor/laravel/framework/src/Illuminate/Database/Query/Builder.php(4080): Illuminate\\Database\\Query\\Builder->Illuminate\\Database\\Query\\{closure}()
#7 /Users/abanoubtalaat/projects/front-backend-grocery/backend/vendor/laravel/framework/src/Illuminate/Database/Query/Builder.php(3489): Illuminate\\Database\\Query\\Builder->onceWithColumns(Array, Object(Closure))
#8 /Users/abanoubtalaat/projects/front-backend-grocery/backend/vendor/laravel/framework/src/Illuminate/Cache/DatabaseStore.php(140): Illuminate\\Database\\Query\\Builder->get()
#9 /Users/abanoubtalaat/projects/front-backend-grocery/backend/vendor/laravel/framework/src/Illuminate/Cache/DatabaseStore.php(115): Illuminate\\Cache\\DatabaseStore->many(Array)
#10 /Users/abanoubtalaat/projects/front-backend-grocery/backend/vendor/laravel/framework/src/Illuminate/Cache/Repository.php(125): Illuminate\\Cache\\DatabaseStore->get('a75f3f172bfb296...')
#11 /Users/abanoubtalaat/projects/front-backend-grocery/backend/vendor/laravel/framework/src/Illuminate/Cache/RateLimiter.php(206): Illuminate\\Cache\\Repository->get('a75f3f172bfb296...', 0)
#12 /Users/abanoubtalaat/projects/front-backend-grocery/backend/vendor/laravel/framework/src/Illuminate/Cache/RateLimiter.php(300): Illuminate\\Cache\\RateLimiter->Illuminate\\Cache\\{closure}()
#13 /Users/abanoubtalaat/projects/front-backend-grocery/backend/vendor/laravel/framework/src/Illuminate/Cache/RateLimiter.php(206): Illuminate\\Cache\\RateLimiter->withoutSerializationOrCompression(Object(Closure))
#14 /Users/abanoubtalaat/projects/front-backend-grocery/backend/vendor/laravel/framework/src/Illuminate/Cache/RateLimiter.php(129): Illuminate\\Cache\\RateLimiter->attempts('a75f3f172bfb296...')
#15 /Users/abanoubtalaat/projects/front-backend-grocery/backend/vendor/laravel/framework/src/Illuminate/Routing/Middleware/ThrottleRequests.php(157): Illuminate\\Cache\\RateLimiter->tooManyAttempts('a75f3f172bfb296...', 60)
#16 /Users/abanoubtalaat/projects/front-backend-grocery/backend/vendor/laravel/framework/src/Illuminate/Routing/Middleware/ThrottleRequests.php(129): Illuminate\\Routing\\Middleware\\ThrottleRequests->handleRequest(Object(Illuminate\\Http\\Request), Object(Closure), Array)
#17 /Users/abanoubtalaat/projects/front-backend-grocery/backend/vendor/laravel/framework/src/Illuminate/Routing/Middleware/ThrottleRequests.php(90): Illuminate\\Routing\\Middleware\\ThrottleRequests->handleRequestUsingNamedLimiter(Object(Illuminate\\Http\\Request), Object(Closure), 'api', Object(Closure))
#18 /Users/abanoubtalaat/projects/front-backend-grocery/backend/vendor/laravel/framework/src/Illuminate/Pipeline/Pipeline.php(219): Illuminate\\Routing\\Middleware\\ThrottleRequests->handle(Object(Illuminate\\Http\\Request), Object(Closure), 'api')
#19 /Users/abanoubtalaat/projects/front-backend-grocery/backend/vendor/laravel/sanctum/src/Http/Middleware/EnsureFrontendRequestsAreStateful.php(26): Illuminate\\Pipeline\\Pipeline->Illuminate\\Pipeline\\{closure}(Object(Illuminate\\Http\\Request))
#20 /Users/abanoubtalaat/projects/front-backend-grocery/backend/vendor/laravel/framework/src/Illuminate/Pipeline/Pipeline.php(180): Laravel\\Sanctum\\Http\\Middleware\\EnsureFrontendRequestsAreStateful->Laravel\\Sanctum\\Http\\Middleware\\{closure}(Object(Illuminate\\Http\\Request))
#21 /Users/abanoubtalaat/projects/front-backend-grocery/backend/vendor/laravel/framework/src/Illuminate/Pipeline/Pipeline.php(137): Illuminate\\Pipeline\\Pipeline->Illuminate\\Pipeline\\{closure}(Object(Illuminate\\Http\\Request))
#22 /Users/abanoubtalaat/projects/front-backend-grocery/backend/vendor/laravel/sanctum/src/Http/Middleware/EnsureFrontendRequestsAreStateful.php(25): Illuminate\\Pipeline\\Pipeline->then(Object(Closure))
#23 /Users/abanoubtalaat/projects/front-backend-grocery/backend/vendor/laravel/framework/src/Illuminate/Pipeline/Pipeline.php(219): Laravel\\Sanctum\\Http\\Middleware\\EnsureFrontendRequestsAreStateful->handle(Object(Illuminate\\Http\\Request), Object(Closure))
#24 /Users/abanoubtalaat/projects/front-backend-grocery/backend/vendor/laravel/framework/src/Illuminate/Pipeline/Pipeline.php(137): Illuminate\\Pipeline\\Pipeline->Illuminate\\Pipeline\\{closure}(Object(Illuminate\\Http\\Request))
#25 /Users/abanoubtalaat/projects/front-backend-grocery/backend/vendor/laravel/framework/src/Illuminate/Routing/Router.php(821): Illuminate\\Pipeline\\Pipeline->then(Object(Closure))
#26 /Users/abanoubtalaat/projects/front-backend-grocery/backend/vendor/laravel/framework/src/Illuminate/Routing/Router.php(800): Illuminate\\Routing\\Router->runRouteWithinStack(Object(Illuminate\\Routing\\Route), Object(Illuminate\\Http\\Request))
#27 /Users/abanoubtalaat/projects/front-backend-grocery/backend/vendor/laravel/framework/src/Illuminate/Routing/Router.php(764): Illuminate\\Routing\\Router->runRoute(Object(Illuminate\\Http\\Request), Object(Illuminate\\Routing\\Route))
#28 /Users/abanoubtalaat/projects/front-backend-grocery/backend/vendor/laravel/framework/src/Illuminate/Routing/Router.php(753): Illuminate\\Routing\\Router->dispatchToRoute(Object(Illuminate\\Http\\Request))
#29 /Users/abanoubtalaat/projects/front-backend-grocery/backend/vendor/laravel/framework/src/Illuminate/Foundation/Http/Kernel.php(200): Illuminate\\Routing\\Router->dispatch(Object(Illuminate\\Http\\Request))
#30 /Users/abanoubtalaat/projects/front-backend-grocery/backend/vendor/laravel/framework/src/Illuminate/Pipeline/Pipeline.php(180): Illuminate\\Foundation\\Http\\Kernel->Illuminate\\Foundation\\Http\\{closure}(Object(Illuminate\\Http\\Request))
#31 /Users/abanoubtalaat/projects/front-backend-grocery/backend/vendor/livewire/livewire/src/Features/SupportDisablingBackButtonCache/DisableBackButtonCacheMiddleware.php(19): Illuminate\\Pipeline\\Pipeline->Illuminate\\Pipeline\\{closure}(Object(Illuminate\\Http\\Request))
#32 /Users/abanoubtalaat/projects/front-backend-grocery/backend/vendor/laravel/framework/src/Illuminate/Pipeline/Pipeline.php(219): Livewire\\Features\\SupportDisablingBackButtonCache\\DisableBackButtonCacheMiddleware->handle(Object(Illuminate\\Http\\Request), Object(Closure))
#33 /Users/abanoubtalaat/projects/front-backend-grocery/backend/vendor/laravel/framework/src/Illuminate/Foundation/Http/Middleware/TransformsRequest.php(21): Illuminate\\Pipeline\\Pipeline->Illuminate\\Pipeline\\{closure}(Object(Illuminate\\Http\\Request))
#34 /Users/abanoubtalaat/projects/front-backend-grocery/backend/vendor/laravel/framework/src/Illuminate/Foundation/Http/Middleware/ConvertEmptyStringsToNull.php(31): Illuminate\\Foundation\\Http\\Middleware\\TransformsRequest->handle(Object(Illuminate\\Http\\Request), Object(Closure))
#35 /Users/abanoubtalaat/projects/front-backend-grocery/backend/vendor/laravel/framework/src/Illuminate/Pipeline/Pipeline.php(219): Illuminate\\Foundation\\Http\\Middleware\\ConvertEmptyStringsToNull->handle(Object(Illuminate\\Http\\Request), Object(Closure))
#36 /Users/abanoubtalaat/projects/front-backend-grocery/backend/vendor/laravel/framework/src/Illuminate/Foundation/Http/Middleware/TransformsRequest.php(21): Illuminate\\Pipeline\\Pipeline->Illuminate\\Pipeline\\{closure}(Object(Illuminate\\Http\\Request))
#37 /Users/abanoubtalaat/projects/front-backend-grocery/backend/vendor/laravel/framework/src/Illuminate/Foundation/Http/Middleware/TrimStrings.php(51): Illuminate\\Foundation\\Http\\Middleware\\TransformsRequest->handle(Object(Illuminate\\Http\\Request), Object(Closure))
#38 /Users/abanoubtalaat/projects/front-backend-grocery/backend/vendor/laravel/framework/src/Illuminate/Pipeline/Pipeline.php(219): Illuminate\\Foundation\\Http\\Middleware\\TrimStrings->handle(Object(Illuminate\\Http\\Request), Object(Closure))
#39 /Users/abanoubtalaat/projects/front-backend-grocery/backend/vendor/laravel/framework/src/Illuminate/Http/Middleware/ValidatePostSize.php(27): Illuminate\\Pipeline\\Pipeline->Illuminate\\Pipeline\\{closure}(Object(Illuminate\\Http\\Request))
#40 /Users/abanoubtalaat/projects/front-backend-grocery/backend/vendor/laravel/framework/src/Illuminate/Pipeline/Pipeline.php(219): Illuminate\\Http\\Middleware\\ValidatePostSize->handle(Object(Illuminate\\Http\\Request), Object(Closure))
#41 /Users/abanoubtalaat/projects/front-backend-grocery/backend/vendor/laravel/framework/src/Illuminate/Foundation/Http/Middleware/PreventRequestsDuringMaintenance.php(109): Illuminate\\Pipeline\\Pipeline->Illuminate\\Pipeline\\{closure}(Object(Illuminate\\Http\\Request))
#42 /Users/abanoubtalaat/projects/front-backend-grocery/backend/vendor/laravel/framework/src/Illuminate/Pipeline/Pipeline.php(219): Illuminate\\Foundation\\Http\\Middleware\\PreventRequestsDuringMaintenance->handle(Object(Illuminate\\Http\\Request), Object(Closure))
#43 /Users/abanoubtalaat/projects/front-backend-grocery/backend/vendor/laravel/framework/src/Illuminate/Http/Middleware/HandleCors.php(74): Illuminate\\Pipeline\\Pipeline->Illuminate\\Pipeline\\{closure}(Object(Illuminate\\Http\\Request))
#44 /Users/abanoubtalaat/projects/front-backend-grocery/backend/vendor/laravel/framework/src/Illuminate/Pipeline/Pipeline.php(219): Illuminate\\Http\\Middleware\\HandleCors->handle(Object(Illuminate\\Http\\Request), Object(Closure))
#45 /Users/abanoubtalaat/projects/front-backend-grocery/backend/vendor/laravel/framework/src/Illuminate/Http/Middleware/TrustProxies.php(58): Illuminate\\Pipeline\\Pipeline->Illuminate\\Pipeline\\{closure}(Object(Illuminate\\Http\\Request))
#46 /Users/abanoubtalaat/projects/front-backend-grocery/backend/vendor/laravel/framework/src/Illuminate/Pipeline/Pipeline.php(219): Illuminate\\Http\\Middleware\\TrustProxies->handle(Object(Illuminate\\Http\\Request), Object(Closure))
#47 /Users/abanoubtalaat/projects/front-backend-grocery/backend/vendor/laravel/framework/src/Illuminate/Pipeline/Pipeline.php(137): Illuminate\\Pipeline\\Pipeline->Illuminate\\Pipeline\\{closure}(Object(Illuminate\\Http\\Request))
#48 /Users/abanoubtalaat/projects/front-backend-grocery/backend/vendor/laravel/framework/src/Illuminate/Foundation/Http/Kernel.php(175): Illuminate\\Pipeline\\Pipeline->then(Object(Closure))
#49 /Users/abanoubtalaat/projects/front-backend-grocery/backend/vendor/laravel/framework/src/Illuminate/Foundation/Http/Kernel.php(144): Illuminate\\Foundation\\Http\\Kernel->sendRequestThroughRouter(Object(Illuminate\\Http\\Request))
#50 /Users/abanoubtalaat/projects/front-backend-grocery/backend/public/index.php(51): Illuminate\\Foundation\\Http\\Kernel->handle(Object(Illuminate\\Http\\Request))
#51 /Users/abanoubtalaat/projects/front-backend-grocery/backend/vendor/laravel/framework/src/Illuminate/Foundation/resources/server.php(23): require_once('/Users/abanoubt...')
#52 {main}
"} 
[2026-08-25 17:06:24] local.ERROR: SQLSTATE[42S02]: Base table or view not found: 1146 Table 'grocery.cache' doesn't exist (Connection: mysql, Host: 127.0.0.1, Port: 3306, Database: grocery, SQL: select * from `cache` where `key` in (grocerylocalcheck_cache_a75f3f172bfb296f2e10cbfc6dfc1883)) {"exception":"[object] (Illuminate\\Database\\QueryException(code: 42S02): SQLSTATE[42S02]: Base table or view not found: 1146 Table 'grocery.cache' doesn't exist (Connection: mysql, Host: 127.0.0.1, Port: 3306, Database: grocery, SQL: select * from `cache` where `key` in (grocerylocalcheck_cache_a75f3f172bfb296f2e10cbfc6dfc1883)) at /Users/abanoubtalaat/projects/front-backend-grocery/backend/vendor/laravel/framework/src/Illuminate/Database/Connection.php:838)
[stacktrace]
#0 /Users/abanoubtalaat/projects/front-backend-grocery/backend/vendor/laravel/framework/src/Illuminate/Database/Connection.php(794): Illuminate\\Database\\Connection->runQueryCallback('select * from `...', Array, Object(Closure))
#1 /Users/abanoubtalaat/projects/front-backend-grocery/backend/vendor/laravel/framework/src/Illuminate/Database/Connection.php(411): Illuminate\\Database\\Connection->run('select * from `...', Array, Object(Closure))
#2 /Users/abanoubtalaat/projects/front-backend-grocery/backend/vendor/laravel/framework/src/Illuminate/Database/Query/Builder.php(3505): Illuminate\\Database\\Connection->select('select * from `...', Array, true)
#3 /Users/abanoubtalaat/projects/front-backend-grocery/backend/vendor/laravel/framework/src/Illuminate/Database/Query/Builder.php(3490): Illuminate\\Database\\Query\\Builder->runSelect()
#4 /Users/abanoubtalaat/projects/front-backend-grocery/backend/vendor/laravel/framework/src/Illuminate/Database/Query/Builder.php(4080): Illuminate\\Database\\Query\\Builder->Illuminate\\Database\\Query\\{closure}()
#5 /Users/abanoubtalaat/projects/front-backend-grocery/backend/vendor/laravel/framework/src/Illuminate/Database/Query/Builder.php(3489): Illuminate\\Database\\Query\\Builder->onceWithColumns(Array, Object(Closure))
#6 /Users/abanoubtalaat/projects/front-backend-grocery/backend/vendor/laravel/framework/src/Illuminate/Cache/DatabaseStore.php(140): Illuminate\\Database\\Query\\Builder->get()
#7 /Users/abanoubtalaat/projects/front-backend-grocery/backend/vendor/laravel/framework/src/Illuminate/Cache/DatabaseStore.php(115): Illuminate\\Cache\\DatabaseStore->many(Array)
#8 /Users/abanoubtalaat/projects/front-backend-grocery/backend/vendor/laravel/framework/src/Illuminate/Cache/Repository.php(125): Illuminate\\Cache\\DatabaseStore->get('a75f3f172bfb296...')
#9 /Users/abanoubtalaat/projects/front-backend-grocery/backend/vendor/laravel/framework/src/Illuminate/Cache/RateLimiter.php(206): Illuminate\\Cache\\Repository->get('a75f3f172bfb296...', 0)
#10 /Users/abanoubtalaat/projects/front-backend-grocery/backend/vendor/laravel/framework/src/Illuminate/Cache/RateLimiter.php(300): Illuminate\\Cache\\RateLimiter->Illuminate\\Cache\\{closure}()
#11 /Users/abanoubtalaat/projects/front-backend-grocery/backend/vendor/laravel/framework/src/Illuminate/Cache/RateLimiter.php(206): Illuminate\\Cache\\RateLimiter->withoutSerializationOrCompression(Object(Closure))
#12 /Users/abanoubtalaat/projects/front-backend-grocery/backend/vendor/laravel/framework/src/Illuminate/Cache/RateLimiter.php(129): Illuminate\\Cache\\RateLimiter->attempts('a75f3f172bfb296...')
#13 /Users/abanoubtalaat/projects/front-backend-grocery/backend/vendor/laravel/framework/src/Illuminate/Routing/Middleware/ThrottleRequests.php(157): Illuminate\\Cache\\RateLimiter->tooManyAttempts('a75f3f172bfb296...', 60)
#14 /Users/abanoubtalaat/projects/front-backend-grocery/backend/vendor/laravel/framework/src/Illuminate/Routing/Middleware/ThrottleRequests.php(129): Illuminate\\Routing\\Middleware\\ThrottleRequests->handleRequest(Object(Illuminate\\Http\\Request), Object(Closure), Array)
#15 /Users/abanoubtalaat/projects/front-backend-grocery/backend/vendor/laravel/framework/src/Illuminate/Routing/Middleware/ThrottleRequests.php(90): Illuminate\\Routing\\Middleware\\ThrottleRequests->handleRequestUsingNamedLimiter(Object(Illuminate\\Http\\Request), Object(Closure), 'api', Object(Closure))
#16 /Users/abanoubtalaat/projects/front-backend-grocery/backend/vendor/laravel/framework/src/Illuminate/Pipeline/Pipeline.php(219): Illuminate\\Routing\\Middleware\\ThrottleRequests->handle(Object(Illuminate\\Http\\Request), Object(Closure), 'api')
#17 /Users/abanoubtalaat/projects/front-backend-grocery/backend/vendor/laravel/sanctum/src/Http/Middleware/EnsureFrontendRequestsAreStateful.php(26): Illuminate\\Pipeline\\Pipeline->Illuminate\\Pipeline\\{closure}(Object(Illuminate\\Http\\Request))
#18 /Users/abanoubtalaat/projects/front-backend-grocery/backend/vendor/laravel/framework/src/Illuminate/Pipeline/Pipeline.php(180): Laravel\\Sanctum\\Http\\Middleware\\EnsureFrontendRequestsAreStateful->Laravel\\Sanctum\\Http\\Middleware\\{closure}(Object(Illuminate\\Http\\Request))
#19 /Users/abanoubtalaat/projects/front-backend-grocery/backend/vendor/laravel/framework/src/Illuminate/Pipeline/Pipeline.php(137): Illuminate\\Pipeline\\Pipeline->Illuminate\\Pipeline\\{closure}(Object(Illuminate\\Http\\Request))
#20 /Users/abanoubtalaat/projects/front-backend-grocery/backend/vendor/laravel/sanctum/src/Http/Middleware/EnsureFrontendRequestsAreStateful.php(25): Illuminate\\Pipeline\\Pipeline->then(Object(Closure))
#21 /Users/abanoubtalaat/projects/front-backend-grocery/backend/vendor/laravel/framework/src/Illuminate/Pipeline/Pipeline.php(219): Laravel\\Sanctum\\Http\\Middleware\\EnsureFrontendRequestsAreStateful->handle(Object(Illuminate\\Http\\Request), Object(Closure))
#22 /Users/abanoubtalaat/projects/front-backend-grocery/backend/vendor/laravel/framework/src/Illuminate/Pipeline/Pipeline.php(137): Illuminate\\Pipeline\\Pipeline->Illuminate\\Pipeline\\{closure}(Object(Illuminate\\Http\\Request))
#23 /Users/abanoubtalaat/projects/front-backend-grocery/backend/vendor/laravel/framework/src/Illuminate/Routing/Router.php(821): Illuminate\\Pipeline\\Pipeline->then(Object(Closure))
#24 /Users/abanoubtalaat/projects/front-backend-grocery/backend/vendor/laravel/framework/src/Illuminate/Routing/Router.php(800): Illuminate\\Routing\\Router->runRouteWithinStack(Object(Illuminate\\Routing\\Route), Object(Illuminate\\Http\\Request))
#25 /Users/abanoubtalaat/projects/front-backend-grocery/backend/vendor/laravel/framework/src/Illuminate/Routing/Router.php(764): Illuminate\\Routing\\Router->runRoute(Object(Illuminate\\Http\\Request), Object(Illuminate\\Routing\\Route))
#26 /Users/abanoubtalaat/projects/front-backend-grocery/backend/vendor/laravel/framework/src/Illuminate/Routing/Router.php(753): Illuminate\\Routing\\Router->dispatchToRoute(Object(Illuminate\\Http\\Request))
#27 /Users/abanoubtalaat/projects/front-backend-grocery/backend/vendor/laravel/framework/src/Illuminate/Foundation/Http/Kernel.php(200): Illuminate\\Routing\\Router->dispatch(Object(Illuminate\\Http\\Request))
#28 /Users/abanoubtalaat/projects/front-backend-grocery/backend/vendor/laravel/framework/src/Illuminate/Pipeline/Pipeline.php(180): Illuminate\\Foundation\\Http\\Kernel->Illuminate\\Foundation\\Http\\{closure}(Object(Illuminate\\Http\\Request))
#29 /Users/abanoubtalaat/projects/front-backend-grocery/backend/vendor/livewire/livewire/src/Features/SupportDisablingBackButtonCache/DisableBackButtonCacheMiddleware.php(19): Illuminate\\Pipeline\\Pipeline->Illuminate\\Pipeline\\{closure}(Object(Illuminate\\Http\\Request))
#30 /Users/abanoubtalaat/projects/front-backend-grocery/backend/vendor/laravel/framework/src/Illuminate/Pipeline/Pipeline.php(219): Livewire\\Features\\SupportDisablingBackButtonCache\\DisableBackButtonCacheMiddleware->handle(Object(Illuminate\\Http\\Request), Object(Closure))
#31 /Users/abanoubtalaat/projects/front-backend-grocery/backend/vendor/laravel/framework/src/Illuminate/Foundation/Http/Middleware/TransformsRequest.php(21): Illuminate\\Pipeline\\Pipeline->Illuminate\\Pipeline\\{closure}(Object(Illuminate\\Http\\Request))
#32 /Users/abanoubtalaat/projects/front-backend-grocery/backend/vendor/laravel/framework/src/Illuminate/Foundation/Http/Middleware/ConvertEmptyStringsToNull.php(31): Illuminate\\Foundation\\Http\\Middleware\\TransformsRequest->handle(Object(Illuminate\\Http\\Request), Object(Closure))
#33 /Users/abanoubtalaat/projects/front-backend-grocery/backend/vendor/laravel/framework/src/Illuminate/Pipeline/Pipeline.php(219): Illuminate\\Foundation\\Http\\Middleware\\ConvertEmptyStringsToNull->handle(Object(Illuminate\\Http\\Request), Object(Closure))
#34 /Users/abanoubtalaat/projects/front-backend-grocery/backend/vendor/laravel/framework/src/Illuminate/Foundation/Http/Middleware/TransformsRequest.php(21): Illuminate\\Pipeline\\Pipeline->Illuminate\\Pipeline\\{closure}(Object(Illuminate\\Http\\Request))
#35 /Users/abanoubtalaat/projects/front-backend-grocery/backend/vendor/laravel/framework/src/Illuminate/Foundation/Http/Middleware/TrimStrings.php(51): Illuminate\\Foundation\\Http\\Middleware\\TransformsRequest->handle(Object(Illuminate\\Http\\Request), Object(Closure))
#36 /Users/abanoubtalaat/projects/front-backend-grocery/backend/vendor/laravel/framework/src/Illuminate/Pipeline/Pipeline.php(219): Illuminate\\Foundation\\Http\\Middleware\\TrimStrings->handle(Object(Illuminate\\Http\\Request), Object(Closure))
#37 /Users/abanoubtalaat/projects/front-backend-grocery/backend/vendor/laravel/framework/src/Illuminate/Http/Middleware/ValidatePostSize.php(27): Illuminate\\Pipeline\\Pipeline->Illuminate\\Pipeline\\{closure}(Object(Illuminate\\Http\\Request))
#38 /Users/abanoubtalaat/projects/front-backend-grocery/backend/vendor/laravel/framework/src/Illuminate/Pipeline/Pipeline.php(219): Illuminate\\Http\\Middleware\\ValidatePostSize->handle(Object(Illuminate\\Http\\Request), Object(Closure))
#39 /Users/abanoubtalaat/projects/front-backend-grocery/backend/vendor/laravel/framework/src/Illuminate/Foundation/Http/Middleware/PreventRequestsDuringMaintenance.php(109): Illuminate\\Pipeline\\Pipeline->Illuminate\\Pipeline\\{closure}(Object(Illuminate\\Http\\Request))
#40 /Users/abanoubtalaat/projects/front-backend-grocery/backend/vendor/laravel/framework/src/Illuminate/Pipeline/Pipeline.php(219): Illuminate\\Foundation\\Http\\Middleware\\PreventRequestsDuringMaintenance->handle(Object(Illuminate\\Http\\Request), Object(Closure))
#41 /Users/abanoubtalaat/projects/front-backend-grocery/backend/vendor/laravel/framework/src/Illuminate/Http/Middleware/HandleCors.php(74): Illuminate\\Pipeline\\Pipeline->Illuminate\\Pipeline\\{closure}(Object(Illuminate\\Http\\Request))
#42 /Users/abanoubtalaat/projects/front-backend-grocery/backend/vendor/laravel/framework/src/Illuminate/Pipeline/Pipeline.php(219): Illuminate\\Http\\Middleware\\HandleCors->handle(Object(Illuminate\\Http\\Request), Object(Closure))
#43 /Users/abanoubtalaat/projects/front-backend-grocery/backend/vendor/laravel/framework/src/Illuminate/Http/Middleware/TrustProxies.php(58): Illuminate\\Pipeline\\Pipeline->Illuminate\\Pipeline\\{closure}(Object(Illuminate\\Http\\Request))
#44 /Users/abanoubtalaat/projects/front-backend-grocery/backend/vendor/laravel/framework/src/Illuminate/Pipeline/Pipeline.php(219): Illuminate\\Http\\Middleware\\TrustProxies->handle(Object(Illuminate\\Http\\Request), Object(Closure))
#45 /Users/abanoubtalaat/projects/front-backend-grocery/backend/vendor/laravel/framework/src/Illuminate/Pipeline/Pipeline.php(137): Illuminate\\Pipeline\\Pipeline->Illuminate\\Pipeline\\{closure}(Object(Illuminate\\Http\\Request))
#46 /Users/abanoubtalaat/projects/front-backend-grocery/backend/vendor/laravel/framework/src/Illuminate/Foundation/Http/Kernel.php(175): Illuminate\\Pipeline\\Pipeline->then(Object(Closure))
#47 /Users/abanoubtalaat/projects/front-backend-grocery/backend/vendor/laravel/framework/src/Illuminate/Foundation/Http/Kernel.php(144): Illuminate\\Foundation\\Http\\Kernel->sendRequestThroughRouter(Object(Illuminate\\Http\\Request))
#48 /Users/abanoubtalaat/projects/front-backend-grocery/backend/public/index.php(51): Illuminate\\Foundation\\Http\\Kernel->handle(Object(Illuminate\\Http\\Request))
#49 /Users/abanoubtalaat/projects/front-backend-grocery/backend/vendor/laravel/framework/src/Illuminate/Foundation/resources/server.php(23): require_once('/Users/abanoubt...')
#50 {main}

[previous exception] [object] (PDOException(code: 42S02): SQLSTATE[42S02]: Base table or view not found: 1146 Table 'grocery.cache' doesn't exist at /Users/abanoubtalaat/projects/front-backend-grocery/backend/vendor/laravel/framework/src/Illuminate/Database/Connection.php:420)
[stacktrace]
#0 /Users/abanoubtalaat/projects/front-backend-grocery/backend/vendor/laravel/framework/src/Illuminate/Database/Connection.php(420): PDO->prepare('select * from `...')
#1 /Users/abanoubtalaat/projects/front-backend-grocery/backend/vendor/laravel/framework/src/Illuminate/Database/Connection.php(827): Illuminate\\Database\\Connection->Illuminate\\Database\\{closure}('select * from `...', Array)
#2 /Users/abanoubtalaat/projects/front-backend-grocery/backend/vendor/laravel/framework/src/Illuminate/Database/Connection.php(794): Illuminate\\Database\\Connection->runQueryCallback('select * from `...', Array, Object(Closure))
#3 /Users/abanoubtalaat/projects/front-backend-grocery/backend/vendor/laravel/framework/src/Illuminate/Database/Connection.php(411): Illuminate\\Database\\Connection->run('select * from `...', Array, Object(Closure))
#4 /Users/abanoubtalaat/projects/front-backend-grocery/backend/vendor/laravel/framework/src/Illuminate/Database/Query/Builder.php(3505): Illuminate\\Database\\Connection->select('select * from `...', Array, true)
#5 /Users/abanoubtalaat/projects/front-backend-grocery/backend/vendor/laravel/framework/src/Illuminate/Database/Query/Builder.php(3490): Illuminate\\Database\\Query\\Builder->runSelect()
#6 /Users/abanoubtalaat/projects/front-backend-grocery/backend/vendor/laravel/framework/src/Illuminate/Database/Query/Builder.php(4080): Illuminate\\Database\\Query\\Builder->Illuminate\\Database\\Query\\{closure}()
#7 /Users/abanoubtalaat/projects/front-backend-grocery/backend/vendor/laravel/framework/src/Illuminate/Database/Query/Builder.php(3489): Illuminate\\Database\\Query\\Builder->onceWithColumns(Array, Object(Closure))
#8 /Users/abanoubtalaat/projects/front-backend-grocery/backend/vendor/laravel/framework/src/Illuminate/Cache/DatabaseStore.php(140): Illuminate\\Database\\Query\\Builder->get()
#9 /Users/abanoubtalaat/projects/front-backend-grocery/backend/vendor/laravel/framework/src/Illuminate/Cache/DatabaseStore.php(115): Illuminate\\Cache\\DatabaseStore->many(Array)
#10 /Users/abanoubtalaat/projects/front-backend-grocery/backend/vendor/laravel/framework/src/Illuminate/Cache/Repository.php(125): Illuminate\\Cache\\DatabaseStore->get('a75f3f172bfb296...')
#11 /Users/abanoubtalaat/projects/front-backend-grocery/backend/vendor/laravel/framework/src/Illuminate/Cache/RateLimiter.php(206): Illuminate\\Cache\\Repository->get('a75f3f172bfb296...', 0)
#12 /Users/abanoubtalaat/projects/front-backend-grocery/backend/vendor/laravel/framework/src/Illuminate/Cache/RateLimiter.php(300): Illuminate\\Cache\\RateLimiter->Illuminate\\Cache\\{closure}()
#13 /Users/abanoubtalaat/projects/front-backend-grocery/backend/vendor/laravel/framework/src/Illuminate/Cache/RateLimiter.php(206): Illuminate\\Cache\\RateLimiter->withoutSerializationOrCompression(Object(Closure))
#14 /Users/abanoubtalaat/projects/front-backend-grocery/backend/vendor/laravel/framework/src/Illuminate/Cache/RateLimiter.php(129): Illuminate\\Cache\\RateLimiter->attempts('a75f3f172bfb296...')
#15 /Users/abanoubtalaat/projects/front-backend-grocery/backend/vendor/laravel/framework/src/Illuminate/Routing/Middleware/ThrottleRequests.php(157): Illuminate\\Cache\\RateLimiter->tooManyAttempts('a75f3f172bfb296...', 60)
#16 /Users/abanoubtalaat/projects/front-backend-grocery/backend/vendor/laravel/framework/src/Illuminate/Routing/Middleware/ThrottleRequests.php(129): Illuminate\\Routing\\Middleware\\ThrottleRequests->handleRequest(Object(Illuminate\\Http\\Request), Object(Closure), Array)
#17 /Users/abanoubtalaat/projects/front-backend-grocery/backend/vendor/laravel/framework/src/Illuminate/Routing/Middleware/ThrottleRequests.php(90): Illuminate\\Routing\\Middleware\\ThrottleRequests->handleRequestUsingNamedLimiter(Object(Illuminate\\Http\\Request), Object(Closure), 'api', Object(Closure))
#18 /Users/abanoubtalaat/projects/front-backend-grocery/backend/vendor/laravel/framework/src/Illuminate/Pipeline/Pipeline.php(219): Illuminate\\Routing\\Middleware\\ThrottleRequests->handle(Object(Illuminate\\Http\\Request), Object(Closure), 'api')
#19 /Users/abanoubtalaat/projects/front-backend-grocery/backend/vendor/laravel/sanctum/src/Http/Middleware/EnsureFrontendRequestsAreStateful.php(26): Illuminate\\Pipeline\\Pipeline->Illuminate\\Pipeline\\{closure}(Object(Illuminate\\Http\\Request))
#20 /Users/abanoubtalaat/projects/front-backend-grocery/backend/vendor/laravel/framework/src/Illuminate/Pipeline/Pipeline.php(180): Laravel\\Sanctum\\Http\\Middleware\\EnsureFrontendRequestsAreStateful->Laravel\\Sanctum\\Http\\Middleware\\{closure}(Object(Illuminate\\Http\\Request))
#21 /Users/abanoubtalaat/projects/front-backend-grocery/backend/vendor/laravel/framework/src/Illuminate/Pipeline/Pipeline.php(137): Illuminate\\Pipeline\\Pipeline->Illuminate\\Pipeline\\{closure}(Object(Illuminate\\Http\\Request))
#22 /Users/abanoubtalaat/projects/front-backend-grocery/backend/vendor/laravel/sanctum/src/Http/Middleware/EnsureFrontendRequestsAreStateful.php(25): Illuminate\\Pipeline\\Pipeline->then(Object(Closure))
#23 /Users/abanoubtalaat/projects/front-backend-grocery/backend/vendor/laravel/framework/src/Illuminate/Pipeline/Pipeline.php(219): Laravel\\Sanctum\\Http\\Middleware\\EnsureFrontendRequestsAreStateful->handle(Object(Illuminate\\Http\\Request), Object(Closure))
#24 /Users/abanoubtalaat/projects/front-backend-grocery/backend/vendor/laravel/framework/src/Illuminate/Pipeline/Pipeline.php(137): Illuminate\\Pipeline\\Pipeline->Illuminate\\Pipeline\\{closure}(Object(Illuminate\\Http\\Request))
#25 /Users/abanoubtalaat/projects/front-backend-grocery/backend/vendor/laravel/framework/src/Illuminate/Routing/Router.php(821): Illuminate\\Pipeline\\Pipeline->then(Object(Closure))
#26 /Users/abanoubtalaat/projects/front-backend-grocery/backend/vendor/laravel/framework/src/Illuminate/Routing/Router.php(800): Illuminate\\Routing\\Router->runRouteWithinStack(Object(Illuminate\\Routing\\Route), Object(Illuminate\\Http\\Request))
#27 /Users/abanoubtalaat/projects/front-backend-grocery/backend/vendor/laravel/framework/src/Illuminate/Routing/Router.php(764): Illuminate\\Routing\\Router->runRoute(Object(Illuminate\\Http\\Request), Object(Illuminate\\Routing\\Route))
#28 /Users/abanoubtalaat/projects/front-backend-grocery/backend/vendor/laravel/framework/src/Illuminate/Routing/Router.php(753): Illuminate\\Routing\\Router->dispatchToRoute(Object(Illuminate\\Http\\Request))
#29 /Users/abanoubtalaat/projects/front-backend-grocery/backend/vendor/laravel/framework/src/Illuminate/Foundation/Http/Kernel.php(200): Illuminate\\Routing\\Router->dispatch(Object(Illuminate\\Http\\Request))
#30 /Users/abanoubtalaat/projects/front-backend-grocery/backend/vendor/laravel/framework/src/Illuminate/Pipeline/Pipeline.php(180): Illuminate\\Foundation\\Http\\Kernel->Illuminate\\Foundation\\Http\\{closure}(Object(Illuminate\\Http\\Request))
#31 /Users/abanoubtalaat/projects/front-backend-grocery/backend/vendor/livewire/livewire/src/Features/SupportDisablingBackButtonCache/DisableBackButtonCacheMiddleware.php(19): Illuminate\\Pipeline\\Pipeline->Illuminate\\Pipeline\\{closure}(Object(Illuminate\\Http\\Request))
#32 /Users/abanoubtalaat/projects/front-backend-grocery/backend/vendor/laravel/framework/src/Illuminate/Pipeline/Pipeline.php(219): Livewire\\Features\\SupportDisablingBackButtonCache\\DisableBackButtonCacheMiddleware->handle(Object(Illuminate\\Http\\Request), Object(Closure))
#33 /Users/abanoubtalaat/projects/front-backend-grocery/backend/vendor/laravel/framework/src/Illuminate/Foundation/Http/Middleware/TransformsRequest.php(21): Illuminate\\Pipeline\\Pipeline->Illuminate\\Pipeline\\{closure}(Object(Illuminate\\Http\\Request))
#34 /Users/abanoubtalaat/projects/front-backend-grocery/backend/vendor/laravel/framework/src/Illuminate/Foundation/Http/Middleware/ConvertEmptyStringsToNull.php(31): Illuminate\\Foundation\\Http\\Middleware\\TransformsRequest->handle(Object(Illuminate\\Http\\Request), Object(Closure))
#35 /Users/abanoubtalaat/projects/front-backend-grocery/backend/vendor/laravel/framework/src/Illuminate/Pipeline/Pipeline.php(219): Illuminate\\Foundation\\Http\\Middleware\\ConvertEmptyStringsToNull->handle(Object(Illuminate\\Http\\Request), Object(Closure))
#36 /Users/abanoubtalaat/projects/front-backend-grocery/backend/vendor/laravel/framework/src/Illuminate/Foundation/Http/Middleware/TransformsRequest.php(21): Illuminate\\Pipeline\\Pipeline->Illuminate\\Pipeline\\{closure}(Object(Illuminate\\Http\\Request))
#37 /Users/abanoubtalaat/projects/front-backend-grocery/backend/vendor/laravel/framework/src/Illuminate/Foundation/Http/Middleware/TrimStrings.php(51): Illuminate\\Foundation\\Http\\Middleware\\TransformsRequest->handle(Object(Illuminate\\Http\\Request), Object(Closure))
#38 /Users/abanoubtalaat/projects/front-backend-grocery/backend/vendor/laravel/framework/src/Illuminate/Pipeline/Pipeline.php(219): Illuminate\\Foundation\\Http\\Middleware\\TrimStrings->handle(Object(Illuminate\\Http\\Request), Object(Closure))
#39 /Users/abanoubtalaat/projects/front-backend-grocery/backend/vendor/laravel/framework/src/Illuminate/Http/Middleware/ValidatePostSize.php(27): Illuminate\\Pipeline\\Pipeline->Illuminate\\Pipeline\\{closure}(Object(Illuminate\\Http\\Request))
#40 /Users/abanoubtalaat/projects/front-backend-grocery/backend/vendor/laravel/framework/src/Illuminate/Pipeline/Pipeline.php(219): Illuminate\\Http\\Middleware\\ValidatePostSize->handle(Object(Illuminate\\Http\\Request), Object(Closure))
#41 /Users/abanoubtalaat/projects/front-backend-grocery/backend/vendor/laravel/framework/src/Illuminate/Foundation/Http/Middleware/PreventRequestsDuringMaintenance.php(109): Illuminate\\Pipeline\\Pipeline->Illuminate\\Pipeline\\{closure}(Object(Illuminate\\Http\\Request))
#42 /Users/abanoubtalaat/projects/front-backend-grocery/backend/vendor/laravel/framework/src/Illuminate/Pipeline/Pipeline.php(219): Illuminate\\Foundation\\Http\\Middleware\\PreventRequestsDuringMaintenance->handle(Object(Illuminate\\Http\\Request), Object(Closure))
#43 /Users/abanoubtalaat/projects/front-backend-grocery/backend/vendor/laravel/framework/src/Illuminate/Http/Middleware/HandleCors.php(74): Illuminate\\Pipeline\\Pipeline->Illuminate\\Pipeline\\{closure}(Object(Illuminate\\Http\\Request))
#44 /Users/abanoubtalaat/projects/front-backend-grocery/backend/vendor/laravel/framework/src/Illuminate/Pipeline/Pipeline.php(219): Illuminate\\Http\\Middleware\\HandleCors->handle(Object(Illuminate\\Http\\Request), Object(Closure))
#45 /Users/abanoubtalaat/projects/front-backend-grocery/backend/vendor/laravel/framework/src/Illuminate/Http/Middleware/TrustProxies.php(58): Illuminate\\Pipeline\\Pipeline->Illuminate\\Pipeline\\{closure}(Object(Illuminate\\Http\\Request))
#46 /Users/abanoubtalaat/projects/front-backend-grocery/backend/vendor/laravel/framework/src/Illuminate/Pipeline/Pipeline.php(219): Illuminate\\Http\\Middleware\\TrustProxies->handle(Object(Illuminate\\Http\\Request), Object(Closure))
#47 /Users/abanoubtalaat/projects/front-backend-grocery/backend/vendor/laravel/framework/src/Illuminate/Pipeline/Pipeline.php(137): Illuminate\\Pipeline\\Pipeline->Illuminate\\Pipeline\\{closure}(Object(Illuminate\\Http\\Request))
#48 /Users/abanoubtalaat/projects/front-backend-grocery/backend/vendor/laravel/framework/src/Illuminate/Foundation/Http/Kernel.php(175): Illuminate\\Pipeline\\Pipeline->then(Object(Closure))
#49 /Users/abanoubtalaat/projects/front-backend-grocery/backend/vendor/laravel/framework/src/Illuminate/Foundation/Http/Kernel.php(144): Illuminate\\Foundation\\Http\\Kernel->sendRequestThroughRouter(Object(Illuminate\\Http\\Request))
#50 /Users/abanoubtalaat/projects/front-backend-grocery/backend/public/index.php(51): Illuminate\\Foundation\\Http\\Kernel->handle(Object(Illuminate\\Http\\Request))
#51 /Users/abanoubtalaat/projects/front-backend-grocery/backend/vendor/laravel/framework/src/Illuminate/Foundation/resources/server.php(23): require_once('/Users/abanoubt...')
#52 {main}
"} 
